.next/types/validator.ts(24,44): error TS2344: Type 'Route' does not satisfy the constraint 'LayoutRoutes'.
  Type 'import("D:/BIMUS/bimus-main/bimus/.next/types/routes").LayoutRoutes' is not assignable to type 'import("D:/BIMUS/bimus-main/bimus/.next/dev/types/routes").LayoutRoutes'.
    Type '"/library/desing"' is not assignable to type 'LayoutRoutes'. Did you mean '"/library/design"'?
.next/types/validator.ts(24,75): error TS2344: Type 'Route' does not satisfy the constraint 'LayoutRoutes'.
  Type 'import("D:/BIMUS/bimus-main/bimus/.next/types/routes").LayoutRoutes' is not assignable to type 'import("D:/BIMUS/bimus-main/bimus/.next/dev/types/routes").LayoutRoutes'.
    Type '"/library/desing"' is not assignable to type 'LayoutRoutes'. Did you mean '"/library/design"'?
app/admin/page.tsx(118,22): error TS2304: Cannot find name 'originalProjects'.
app/projects/[id]/construction/page.tsx(2228,69): error TS2305: Module '"../../../../lib/types"' has no exported member 'GanttFeature'.
app/projects/[id]/construction/page.tsx(2978,55): error TS2304: Cannot find name 'totalGeneral'.
app/projects/[id]/construction/page.tsx(2982,79): error TS2304: Cannot find name 'totalAvance'.
app/projects/[id]/construction/page.tsx(3265,40): error TS2339: Property 'error' does not exist on type '{ success: boolean; newItemId: string; } | { success: boolean; error: any; }'.
  Property 'error' does not exist on type '{ success: boolean; newItemId: string; }'.
app/projects/[id]/construction/page.tsx(3511,58): error TS7006: Parameter 'level' implicitly has an 'any' type.
app/projects/[id]/construction/page.tsx(3785,53): error TS2322: Type '{ key: any; feature: GanttFeature; onInfoClick: (feature: GanttFeature) => void; className: string; }' is not assignable to type 'IntrinsicAttributes & GanttSidebarItemProps'.
  Property 'onInfoClick' does not exist on type 'IntrinsicAttributes & GanttSidebarItemProps'.
app/projects/[id]/documentation/actions.ts(6,10): error TS2305: Module '"@/lib/types"' has no exported member 'ProjectDocument'.
app/projects/[id]/documentation/actions.ts(18,35): error TS2339: Property 'projectDocument' does not exist on type 'PrismaClient<PrismaClientOptions, never, DefaultArgs>'.
app/projects/[id]/documentation/actions.ts(23,25): error TS7006: Parameter 'd' implicitly has an 'any' type.
app/projects/[id]/documentation/actions.ts(50,34): error TS2339: Property 'projectDocument' does not exist on type 'PrismaClient<PrismaClientOptions, never, DefaultArgs>'.
app/projects/[id]/documentation/actions.ts(87,22): error TS2339: Property 'projectDocument' does not exist on type 'PrismaClient<PrismaClientOptions, never, DefaultArgs>'.
app/projects/[id]/warehouse/actions.ts(6,18): error TS2305: Module '"../../../../lib/types"' has no exported member 'PurchaseOrder'.
app/projects/[id]/warehouse/actions.ts(6,33): error TS2305: Module '"../../../../lib/types"' has no exported member 'WarehouseMovement'.
app/projects/[id]/warehouse/actions.ts(193,13): error TS2322: Type '{ projectId: string; authorId: string; }' is not assignable to type '(Without<WarehouseMovementCreateInput, WarehouseMovementUncheckedCreateInput> & WarehouseMovementUncheckedCreateInput) | (Without<...> & WarehouseMovementCreateInput)'.
  Type '{ projectId: string; authorId: string; }' is not assignable to type 'Without<WarehouseMovementCreateInput, WarehouseMovementUncheckedCreateInput> & WarehouseMovementUncheckedCreateInput'.
    Type '{ projectId: string; authorId: string; }' is missing the following properties from type 'WarehouseMovementUncheckedCreateInput': type, quantity, supplyId
components/bim/BimViewer.tsx(715,155): error TS2322: Type 'number[]' is not assignable to type 'ColorRepresentation | undefined'.
  Type 'number[]' is missing the following properties from type 'Color': isColor, r, g, b, and 35 more.
components/editor/editor-ui/color-picker.tsx(999,11): error TS2339: Property 'asChild' does not exist on type 'ColorPickerTriggerProps'.
components/editor/editor-ui/color-picker.tsx(1015,11): error TS2339: Property 'asChild' does not exist on type 'ColorPickerContentProps'.
components/editor/editor-ui/color-picker.tsx(1015,20): error TS2339: Property 'className' does not exist on type 'ColorPickerContentProps'.
components/editor/editor-ui/color-picker.tsx(1015,31): error TS2339: Property 'children' does not exist on type 'ColorPickerContentProps'.
components/editor/plugins/actions/import-export-plugin.tsx(3,40): error TS2307: Cannot find module '@lexical/file' or its corresponding type declarations.
components/editor/plugins/actions/share-content-plugin.tsx(8,8): error TS2307: Cannot find module '@lexical/file' or its corresponding type declarations.
components/editor/plugins/component-picker-menu-plugin.tsx(23,8): error TS2307: Cannot find module '@/components/ui/command' or its corresponding type declarations.
components/editor/plugins/component-picker-menu-plugin.tsx(60,21): error TS7006: Parameter 'e' implicitly has an 'any' type.
components/editor/plugins/component-picker-menu-plugin.tsx(81,23): error TS7006: Parameter 'el' implicitly has an 'any' type.
components/editor/plugins/embeds/auto-embed-plugin.tsx(32,8): error TS2307: Cannot find module '@/components/ui/command' or its corresponding type declarations.
components/editor/plugins/emoji-picker-plugin.tsx(31,8): error TS2307: Cannot find module '@/components/ui/command' or its corresponding type declarations.
components/editor/plugins/emoji-picker-plugin.tsx(159,31): error TS7006: Parameter 'e' implicitly has an 'any' type.
components/editor/plugins/mentions-plugin.tsx(29,8): error TS2307: Cannot find module '@/components/ui/command' or its corresponding type declarations.
components/editor/plugins/mentions-plugin.tsx(659,31): error TS7006: Parameter 'e' implicitly has an 'any' type.
components/editor/plugins/toolbar/font-background-toolbar-plugin.tsx(74,6): error TS2739: Type '{ children: Element[]; modal: true; defaultFormat: "hex"; defaultValue: string; onValueChange: (value: string) => void; onOpenChange: (open: any) => void; }' is missing the following properties from type 'ColorPickerRootProps': open, defaultOpen
components/editor/plugins/toolbar/font-background-toolbar-plugin.tsx(79,22): error TS7006: Parameter 'open' implicitly has an 'any' type.
components/editor/plugins/toolbar/font-background-toolbar-plugin.tsx(86,8): error TS2322: Type '{ children: Element; asChild: true; }' is not assignable to type 'IntrinsicAttributes & ColorPickerTriggerProps'.
  Property 'children' does not exist on type 'IntrinsicAttributes & ColorPickerTriggerProps'.
components/editor/plugins/toolbar/font-color-toolbar-plugin.tsx(62,6): error TS2739: Type '{ children: Element[]; modal: true; defaultFormat: "hex"; defaultValue: string; onValueChange: (value: string) => void; onOpenChange: (open: any) => void; }' is missing the following properties from type 'ColorPickerRootProps': open, defaultOpen
components/editor/plugins/toolbar/font-color-toolbar-plugin.tsx(67,22): error TS7006: Parameter 'open' implicitly has an 'any' type.
components/editor/plugins/toolbar/font-color-toolbar-plugin.tsx(74,8): error TS2322: Type '{ children: Element; asChild: true; }' is not assignable to type 'IntrinsicAttributes & ColorPickerTriggerProps'.
  Property 'children' does not exist on type 'IntrinsicAttributes & ColorPickerTriggerProps'.
components/editor/utils/doc-serialization.ts(8,36): error TS2307: Cannot find module '@lexical/file' or its corresponding type declarations.
components/ui/button-group.tsx(1,28): error TS2307: Cannot find module '@base-ui/react/merge-props' or its corresponding type declarations.
components/ui/button-group.tsx(2,27): error TS2307: Cannot find module '@base-ui/react/use-render' or its corresponding type declarations.
components/ui/popover.tsx(4,45): error TS2307: Cannot find module '@base-ui/react/popover' or its corresponding type declarations.
components/ui/toggle-group.tsx(4,43): error TS2307: Cannot find module '@base-ui/react/toggle' or its corresponding type declarations.
components/ui/toggle-group.tsx(5,53): error TS2307: Cannot find module '@base-ui/react/toggle-group' or its corresponding type declarations.
components/ui/toggle.tsx(3,43): error TS2307: Cannot find module '@base-ui/react/toggle' or its corresponding type declarations.
