app/projects/[id]/warehouse/page.tsx(119,32): error TS2345: Argument of type '{ purchaseDate: string; status: any; userId: string; projectId: string | null; name: string; model: string | null; id: string; createdAt: Date; updatedAt: Date; authorId: string | null; ... 4 more ...; location: string | null; }[] | undefined' is not assignable to parameter of type 'SetStateAction<any[]>'.
  Type 'undefined' is not assignable to type 'SetStateAction<any[]>'.
